// Jest Snapshot v1, https://goo.gl/fbAQLP

exports[`<BaseTemplate /> should match snapshot 1`] = `
.c17 {
  font-size: calc(1.6rem + 0.2rem);
  line-height: 1.5;
}

.c17 p {
  margin: 1.6rem 0;
}

.c17 a,
.c17 a:visited,
.c17 a:link {
  color: crimson;
  -webkit-text-decoration: none;
  text-decoration: none;
  -webkit-transition: all 300ms ease-in-out;
  transition: all 300ms ease-in-out;
}

.c17 a:hover {
  -webkit-filter: brightness(50%);
  filter: brightness(50%);
}

.c17 code {
  font-family: monospace;
  color: crimson;
  font-size: 1.6rem;
  background: #DDDDDD;
  padding: 0.2rem;
  margin: 0.2rem;
}

.c17 pre {
  background: #000000;
  padding: 2.4rem;
  font-family: monospace;
  color: #FFFFFF;
  margin: 1.6rem 0;
  width: 100%;
  overflow-x: auto;
  font-size: 1.6rem;
}

.c17 pre code {
  color: inherit;
  background: inherit;
}

.c17 img {
  max-width: 100%;
}

.c17 .image {
  line-height: 0;
  margin: 2.4rem 0;
}

.c17 .image figcaption {
  font-size: 1.6rem;
  padding: 1.6rem;
  text-align: center;
  line-height: 1.3;
}

.c17 .image-style-side {
  max-width: 50%;
  float: right;
  margin: 2.4rem 0;
}

.c17 hr {
  border: none;
  border-bottom: 0.1rem solid #DDDDDD;
}

.c17 ul,
.c17 ol {
  margin: 2.4rem 4.0rem;
}

.c17 .table {
  width: 100%;
  overflow: hidden;
  overflow-x: auto;
}

.c17 table {
  width: 100%;
  border-collapse: collapse;
  margin: 1.6rem 0;
}

.c17 table td,
.c17 table th {
  padding: 1.6rem;
  border: 0.1rem solid #DDDDDD;
}

.c17 blockquote {
  border-left: 0.5rem solid crimson;
  color: #AAAAAA;
  -webkit-filter: brightness(80%);
  filter: brightness(80%);
  padding-left: 2.4rem;
  font-style: italic;
  margin: 2.4rem;
}

.c15 {
  text-align: center;
  border-top: 0.2rem solid #AAAAAA;
}

.c15 a {
  color: inherit;
  -webkit-text-decoration: none;
  text-decoration: none;
}

.c15 .c16 {
  font-size: 1.6rem;
}

.c15 .c16 > p > a {
  color: #000000;
}

.c18 {
  background: #FFFFFF;
  color: #0A1128;
  display: -webkit-box;
  display: -webkit-flex;
  display: -ms-flexbox;
  display: flex;
  -webkit-align-items: center;
  -webkit-box-align: center;
  -ms-flex-align: center;
  align-items: center;
  -webkit-box-pack: center;
  -webkit-justify-content: center;
  -ms-flex-pack: center;
  justify-content: center;
  width: 4rem;
  height: 4rem;
  position: fixed;
  bottom: 2rem;
  right: 2rem;
  z-index: 6;
  opacity: 0.7;
  border-radius: 2rem;
  border: 3px solid #0A1128;
}

.c1 {
  display: inline-block;
  vertical-align: middle;
  overflow: hidden;
}

.c6 {
  color: inherit;
  font-size: 2.4rem;
  text-transform: uppercase;
}

.c12 {
  color: inherit;
  font-size: 2.4rem;
  text-transform: none;
}

.c7 {
  display: -webkit-box;
  display: -webkit-flex;
  display: -ms-flexbox;
  display: flex;
  -webkit-align-items: center;
  -webkit-box-align: center;
  -ms-flex-align: center;
  align-items: center;
  -webkit-text-decoration: none;
  text-decoration: none;
  color: inherit;
}

.c7 > img {
  height: 12rem;
  width: 12rem;
  border-radius: 50%;
}

.c10 {
  display: -webkit-box;
  display: -webkit-flex;
  display: -ms-flexbox;
  display: flex;
  -webkit-align-items: center;
  -webkit-box-align: center;
  -ms-flex-align: center;
  align-items: center;
  -webkit-align-content: center;
  -ms-flex-line-pack: center;
  align-content: center;
  -webkit-box-pack: center;
  -webkit-justify-content: center;
  -ms-flex-pack: center;
  justify-content: center;
  width: 100%;
}

.c10 div {
  margin: 4.0rem 2.4rem;
}

.c11 {
  display: none;
  display: -webkit-box;
  display: -webkit-flex;
  display: -ms-flexbox;
  display: flex;
  -webkit-flex-direction: column;
  -ms-flex-direction: column;
  flex-direction: column;
  max-width: 70rem;
}

.c11 .c5 {
  margin-top: 0;
  margin-bottom: 0.8rem;
}

.c2 {
  background: #000000;
  padding: 3.2rem;
  display: -webkit-box;
  display: -webkit-flex;
  display: -ms-flexbox;
  display: flex;
  position: fixed;
  z-index: 1;
  width: 100%;
  max-width: 32rem;
  height: 100vh;
  top: 0;
  left: 0;
  -webkit-transition: all 300ms ease-in-out;
  transition: all 300ms ease-in-out;
  overflow-y: auto;
  left: -32rem;
  overflow-y: hidden;
}

.c3 {
  margin: auto;
  width: 100%;
}

.c4 .c5 {
  display: -webkit-box;
  display: -webkit-flex;
  display: -ms-flexbox;
  display: flex;
  -webkit-box-pack: center;
  -webkit-justify-content: center;
  -ms-flex-pack: center;
  justify-content: center;
  margin: 0;
  margin-bottom: 4.8rem;
}

.c4 .c5 img {
  border: 0.3rem solid crimson;
}

.c0 {
  position: fixed;
  top: 2.4rem;
  color: #FFFFFF;
  background: #000000;
  z-index: 2;
  width: 3rem;
  height: 3rem;
  left: 26rem;
  -webkit-transition: all 300ms ease-in-out;
  transition: all 300ms ease-in-out;
  left: 2rem;
  color: #000000;
  background: inherit;
}

.c8 {
  display: block;
  color: #FFFFFF;
  -webkit-text-decoration: none;
  text-decoration: none;
  margin-bottom: 1.6rem;
  font-size: 1.8rem;
  border-right: 0.5rem solid #000000;
  -webkit-transition: all 300ms ease-in-out;
  transition: all 300ms ease-in-out;
}

.c8:hover {
  border-right: 0.5rem solid crimson;
  color: crimson;
}

.c9 {
  margin-top: 6.4rem;
  padding: 0 3.2rem;
}

.c13 {
  max-width: 120rem;
  width: 100%;
  margin: 0 auto;
  margin-bottom: 6.4rem;
}

.c14 {
  max-width: 120rem;
  width: 100%;
  margin: 0 auto;
  padding: 3.2rem;
}

@media (max-width:768px) {
  .c17 {
    font-size: 2rem;
  }

  .c17 .image-style-side {
    max-width: 100%;
    float: none;
    margin: 0;
  }
}

<div>
  <div
    class=""
  >
    <a
      aria-label="Open or close menu"
      class="c0"
      href="#"
      title="Open or close menu"
    >
      <svg
        aria-hidden="true"
        aria-label="Open menu"
        class="c1"
        fill="currentColor"
        focusable="false"
        viewBox="0 0 24 24"
        xmlns="http://www.w3.org/2000/svg"
      >
        <path
          d="M0 0h24v24H0V0z"
          fill="none"
        />
        <path
          d="M3 18h18v-2H3v2zm0-5h18v-2H3v2zm0-7v2h18V6H3z"
        />
      </svg>
    </a>
    <div
      aria-hidden="true"
      class="c2"
    >
      <nav
        class="c3"
      >
        <div
          class="c4"
        >
          <h1
            class="c5 c6"
          >
            <a
              class="c7"
              href="/"
              target="_self"
            >
              <img
                alt="Blog Project"
                src="https://source.unsplash.com/random/800x800"
              />
            </a>
          </h1>
        </div>
        <a
          class="c8"
          href="https://marcoshirazawa.netlify.app/"
          target="_blank"
        >
          Contato
        </a>
        <a
          class="c8"
          href="https://landing-page-next-mmh.vercel.app/#home"
          target="_blank"
        >
          Último projeto
        </a>
      </nav>
    </div>
    <div
      class="c9"
    >
      <header
        class="c10"
      >
        <h1
          class="c5 c6"
        >
          <a
            class="c7"
            href="/"
            target="_self"
          >
            <img
              alt="Blog Project"
              src="https://source.unsplash.com/random/800x800"
            />
          </a>
        </h1>
        <div
          class="c11"
        >
          <h1
            class="c5 c12"
          >
            Blog Project
          </h1>
          Descrição do blog.
        </div>
      </header>
    </div>
    <div
      class="c13"
    >
      Olá
    </div>
    <div
      class="c14"
    >
      <footer
        class="c15"
      >
        <div
          class="c16 c17"
        >
          <p>
            <a
              href="https://marcoshirazawa.netlify.app/"
            >
              <i>
                Feito com ❤ por Marcos Hirazawa
              </i>
            </a>
          </p>
        </div>
      </footer>
    </div>
    <a
      aria-label="Go to top"
      class="c18"
      href="#"
      title="Go to top"
    >
      <svg
        aria-hidden="true"
        class="c1"
        fill="currentColor"
        focusable="false"
        viewBox="0 0 24 24"
        xmlns="http://www.w3.org/2000/svg"
      >
        <path
          d="M0 0h24v24H0V0z"
          fill="none"
        />
        <path
          d="M7.41 15.41L12 10.83l4.59 4.58L18 14l-6-6-6 6 1.41 1.41z"
        />
      </svg>
    </a>
  </div>
</div>
`;
