// Jest Snapshot v1, https://goo.gl/fbAQLP

exports[`<PostGrid /> should render 1`] = `
.c0 {
  width: 100%;
}

.c1 {
  max-width: 120rem;
  margin: 0 auto;
  display: grid;
  grid-template-columns: repeat(auto-fill,minmax(28rem,1fr));
  gap: 3.2rem;
  padding: 3.2rem;
}

.c5 {
  color: inherit;
  font-size: 2.4rem;
  text-transform: none;
}

.c2 .c4 {
  margin: 0;
  margin-top: 1.6rem;
  margin-bottom: 0.8rem;
  -webkit-transition: all 300ms ease-in-out;
  transition: all 300ms ease-in-out;
}

.c2 a {
  -webkit-text-decoration: none;
  text-decoration: none;
  color: inherit;
  -webkit-transition: all 300ms ease-in-out;
  transition: all 300ms ease-in-out;
}

.c2:hover .c4 {
  color: crimson;
}

.c2 img {
  -webkit-transition: all 300ms ease-in-out;
  transition: all 300ms ease-in-out;
}

.c2:hover img {
  opacity: 0.6;
}

.c2:hover p {
  color: #AAAAAA;
}

.c3 {
  max-width: 100%;
}

.c6 {
  -webkit-transition: all 300ms ease-in-out;
  transition: all 300ms ease-in-out;
}

@media (max-width:440px) {
  .c1 {
    grid-template-columns: 1fr;
  }
}

<div>
  <div
    class="c0"
  >
    <div
      class="c1"
    >
      <div
        class="c2"
      >
        <a
          href="/post/teste-2"
        >
          <img
            alt="Teste 2"
            class="c3"
            src="https://images.unsplash.com/photo-1649940277866-6de246635a96?crop=entropy&cs=tinysrgb&fit=crop&fm=jpg&h=800&ixid=MnwxfDB8MXxyYW5kb218MHx8fHx8fHx8MTY1MDg0OTY1OQ&ixlib=rb-1.2.1&q=80&w=800"
          />
          <h3
            class="c4 c5"
          >
            Teste 2
          </h3>
          <p
            class="c6"
          >
            Teste de post 2.
          </p>
        </a>
      </div>
      <div
        class="c2"
      >
        <a
          href="/post/teste-1"
        >
          <img
            alt="Teste 1"
            class="c3"
            src="https://res.cloudinary.com/dr5ot2zqr/image/upload/v1648156169/1920x1080_6aaecb929e.jpg"
          />
          <h3
            class="c4 c5"
          >
            Teste 1
          </h3>
          <p
            class="c6"
          >
            Teste de excerpt.
          </p>
        </a>
      </div>
    </div>
  </div>
</div>
`;
