// Jest Snapshot v1, https://goo.gl/fbAQLP

exports[`<ArticleHeader /> should render withou data and match snapshot 1`] = `
.c3 {
  font-size: 1.6rem;
  color: #AAAAAA;
  font-style: italic;
}

.c3 a {
  color: crimson;
  -webkit-text-decoration: none;
  text-decoration: none;
  -webkit-transition: all 300ms ease-in-out;
  transition: all 300ms ease-in-out;
}

.c3 a:hover {
  -webkit-filter: brightness(50%);
  filter: brightness(50%);
}

.c1 {
  color: inherit;
  font-size: 4.0rem;
  text-transform: none;
}

.c0 {
  display: -webkit-box;
  display: -webkit-flex;
  display: -ms-flexbox;
  display: flex;
  -webkit-flex-direction: column;
  -ms-flex-direction: column;
  flex-direction: column;
  -webkit-box-pack: center;
  -webkit-justify-content: center;
  -ms-flex-pack: center;
  justify-content: center;
  -webkit-align-items: center;
  -webkit-box-align: center;
  -ms-flex-align: center;
  align-items: center;
  border-bottom: 0.1rem solid #DDDDDD;
  padding-bottom: 4.0rem;
  margin-bottom: 4.0rem;
}

.c0 > h1 {
  margin-bottom: 2.4rem;
  max-width: 80rem;
}

.c0 > p {
  margin-top: 0;
  max-width: 80rem;
  font-size: calc(1.6rem + 0.4rem);
}

.c0 > img {
  width: 100%;
  max-width: 80rem;
}

.c0 .c2 {
  max-width: 80rem;
}

.c0 .c2 > p {
  margin-bottom: 0;
}

<div>
  <div
    class="c0"
  >
    <h1
      class="c1"
    >
      Lorem ipsum dolor sit amet, consectetur adipiscing elit.
    </h1>
    <p>
      Lorem ipsum dolor sit amet, consectetur adipiscing elit. Suspendisse auctor fermentum nisl, ut pharetra leo lacinia et. Etiam nec urna sed orci bibendum sodales.
    </p>
    <span />
    <div
      class="c2 c3"
    >
      <p>
        <span>
          Por 
        </span>
        <a
          href="/author/julia-temari"
        >
          JÃºlia Temari
        </a>
        <span
          class="separator"
        >
           | 
        </span>
        <time
          datetime="2022-03-25T18:18:34.944Z"
        >
          25/03/2022 15:18
        </time>
        <span
          class="separator"
        >
           | 
        </span>
        <span>
          Editado em:
           
          <time
            datetime="2022-03-27T20:41:54.493Z"
          >
            27/03/2022 17:41
          </time>
        </span>
        <span
          class="separator"
        >
           | 
        </span>
        <span
          class="categories"
        >
          <span>
            Categorias: 
          </span>
          <span>
            <a
              href="/category/java-script"
            >
              JavaScript
            </a>
            <span>
              , 
            </span>
          </span>
          <span>
            <a
              href="/category/react"
            >
              React
            </a>
          </span>
        </span>
        <span
          class="separator"
        >
           | 
        </span>
        <span
          class="tags"
        >
          <span>
            Tags: 
          </span>
          <span>
            <a
              href="/tag/use-context"
            >
              UseContext
            </a>
            <span>
              , 
            </span>
          </span>
          <span>
            <a
              href="/tag/use-state"
            >
              UseState
            </a>
          </span>
        </span>
      </p>
    </div>
  </div>
</div>
`;
